COL Song_Name VAL See You Again COL Artist_Name VAL Elle King COL Album_Name VAL Love Stuff COL Genre VAL Alternative , Music Rock COL Price VAL $ 1.29 COL CopyRight VAL 2014 RCA Records a division of Sony Entertainment COL Time VAL 3:26 COL Released VAL 13-Feb-15  	COL Song_Name VAL See You Again COL Artist_Name VAL Elle King COL Album_Name VAL Love Stuff COL Genre VAL Alternative Rock COL Price VAL $ 1.29 COL CopyRight VAL ( C ) 1996 The Island Def Jam Music Group COL Time VAL 3:26 COL Released VAL February 13 , 2015  	1
COL VAL You feat . Weeknd COL Artist_Name VAL Wiz COL Album_Name VAL O.N.I.F.C. Deluxe Version COL VAL Music East Coast Rap COL Price VAL $ 1.99 COL CopyRight VAL 2012 Corporation for and WEA world outside of COL VAL 5:20 COL VAL  	COL VAL True feat . Nicki Minaj Explicit COL Artist_Name VAL Wiz COL Album_Name VAL Blacc Hollywood Deluxe COL Genre VAL Rap COL Price VAL $ 1.29 COL CopyRight VAL 2014 Corporation for United and WEA world outside of A Music Group COL VAL 4:15 COL VAL August 19  	0
COL VAL Take There feat Missy Elliott Remix Bonus COL VAL Skrillex Diplo COL VAL and Jack COL VAL Dance,Music,Hip-Hop Rap Bop Rock COL Price VAL $ 1.29 COL CopyRight VAL 2015 Corporation for US world outside A Music Group COL VAL 3:30 COL VAL 24-Feb-15  	COL Song_Name VAL ( feat . 2 Chainz ) Explicit COL Artist_Name VAL Skrillex , Diplo COL Album_Name VAL and present Jack ÌÏ COL Genre VAL Electronic COL Price VAL $ 1.29 COL CopyRight VAL 2012 Knight Skreams COL VAL 3:34 COL Released VAL February 24 2015  	0
COL Song_Name VAL ( feat . Posner ) COL Artist_Name VAL Nick Jonas COL Album_Name VAL Deluxe COL Genre VAL Pop Music Rock Pop/Rock COL Price VAL $ 1.29 COL CopyRight VAL 2014 Island a division of UMG Recordings / Safehouse COL VAL 3:48 COL Released VAL  	COL Song_Name VAL feat . Posner Clean COL Artist_Name VAL Nick Jonas COL Album_Name VAL ( Deluxe ) COL Genre VAL Pop COL Price VAL $ 1.29 COL CopyRight VAL C 2014 Island Records , a division of UMG Recordings Inc. COL VAL 3:48 COL Released VAL November 10  	1
COL VAL Lifted feat . Sand © Green COL Artist_Name VAL COL Album_Name VAL Hotel Deluxe Version COL VAL Music Rock Soul Contemporary Dance,Electronic,Hip-Hop Rap COL Price VAL $ 1.29 COL CopyRight VAL 2013 Recordings Ltd under exclusive licence COL VAL 4:15 COL VAL 6-May-14  	COL Song_Name VAL Pardon Me [ feat . Tanika COL Artist_Name VAL Naughty COL Album_Name VAL Hotel ( Deluxe Version ) Explicit COL Genre VAL Pop COL Price VAL $ 1.29 COL CopyRight VAL C 2014 Recordings Ltd under exclusive licence Virgin Records COL VAL 2:50 COL Released VAL May 6 ,  	0
COL VAL feat . Chevy J COL Artist_Name VAL Wiz Khalifa COL Album_Name VAL O.N.I.F.C. COL Genre VAL Music Rap East Coast COL Price VAL $ 1.29 COL CopyRight VAL 2012 Atlantic Corporation for United and WEA world outside of COL VAL COL VAL  	COL VAL Bluffin ( feat . ) Explicit COL Artist_Name VAL Wiz Khalifa COL Album_Name VAL O.N.I.F.C. COL Genre VAL Rap COL Price VAL $ 1.29 COL CopyRight VAL 2012 Atlantic Corporation for United and WEA world outside of COL VAL COL VAL December 4  	0
COL VAL feat . Sam Schulz Remix Radio Edit COL Artist_Name VAL COL Album_Name VAL Deluxe Version COL Genre VAL Music Rock House French Pop COL Price VAL $ 1.29 COL CopyRight VAL 2014 A under exclusive license to Parlophone/Warner Atlantic Recording Corporation for United rights reserved COL VAL COL VAL  	COL Song_Name VAL Dangerous ( feat . Sam Martin ) [ Schulz Remix Radio Edit COL Artist_Name VAL David COL Album_Name VAL Deluxe COL Genre VAL Dance & Electronic COL Price VAL $ 1.29 COL CopyRight VAL 2015 If Moving Your COL VAL 3:20 COL Released VAL November 24 , 2014  	1
COL VAL This Is a Love Song COL Artist_Name VAL JD COL Album_Name VAL Pop Life ( Extended Version ) Bonus COL Genre VAL Music Rock House Electronica Adult Alternative COL Price VAL $ 1.29 COL CopyRight VAL ‰ ãÑ 2007 Gum COL VAL 3:46 COL Released VAL 18-Sep-07  	COL Song_Name VAL Drunk in Love [ Explicit ] COL Artist_Name VAL David Guetta COL Album_Name VAL Pop for Your Weekend COL Genre VAL Dance & Electronic , House COL Price VAL $ 1.29 COL CopyRight VAL 2012 Blue Drum Records COL Time VAL 5:23 COL Released VAL  	0
COL VAL Fake ( ) COL Artist_Name VAL Shinedown COL Album_Name VAL and Them Deluxe Version COL Genre VAL Rock Music Hard Alternative COL Price VAL $ 1.29 COL CopyRight VAL 2009 Atlantic Corporation for United WEA world outside of . COL VAL 5:05 COL Released VAL 4-Oct-05  	COL Song_Name VAL Fake COL Artist_Name VAL Shinedown COL Album_Name VAL Us And Them COL Genre VAL Rock COL Price VAL $ 1.29 COL CopyRight VAL 2015 Real Sounds COL Time VAL 4:01 COL Released VAL October 4 , 2005  	0
COL VAL Toyfriend feat . Wynter Gordon Continuous Mix Version COL Artist_Name VAL COL Album_Name VAL One Love Deluxe COL Genre VAL Music COL Price VAL $ 1.29 COL CopyRight VAL 2010 Gum Prod licence exclusive Parlophone COL VAL 2:51 COL VAL 21-Aug-09  	COL Song_Name VAL When Love Over ( Feat . Kelly Rowland ) [ Explicit COL Artist_Name VAL David COL Album_Name VAL One COL Genre VAL Dance & Electronic COL Price VAL $ 1.29 COL CopyRight VAL C 2014 Lazy Hooks , Under Exclusive License To Capitol Records COL VAL COL Released VAL November 24 2010  	0
COL Song_Name VAL Uptown Funk ( feat . Bruno Mars ) Trinidad Remix COL Artist_Name VAL Mark COL Album_Name VAL COL Genre VAL Pop , Music COL Price VAL $ 1.29 COL CopyRight VAL 2015 under exclusive licence Sony Entertainment UK Limited COL VAL 4:22 COL Released VAL 29-Jun-15  	COL Song_Name VAL Machines ( feat . Cevin Fisher ) COL Artist_Name VAL Mark Knight , Harry Romero Chus & Ceballos COL Album_Name VAL COL Genre VAL Electronica Dance Electronic House COL Price VAL $ 1.29 COL CopyRight VAL COL VAL 8:23 COL Released VAL June 22 2015  	0
COL Song_Name VAL Please Come Boston ( Live ) COL Artist_Name VAL Kenny Chesney COL Album_Name VAL When the Sun Goes Deluxe Version COL Genre VAL , Music Contemporary Urban Cowboy COL Price VAL $ 1.29 COL CopyRight VAL 2007 SONY BMG MUSIC ENTERTAINMENT COL VAL 4:00 COL Released VAL  	COL Song_Name VAL Live Those Songs ( ) COL Artist_Name VAL Kenny Chesney COL Album_Name VAL When The Sun Goes Down Deluxe Version COL Genre VAL Country COL Price VAL $ 0.99 COL CopyRight VAL 2012 Pinecastle Records COL Time VAL 4:09 COL Released VAL February 2 , 2004  	0
COL Song_Name VAL Help Lose My Mind ( feat . Grammar ) COL Artist_Name VAL Disclosure COL Album_Name VAL Settle Deluxe Version COL Genre VAL Electronic , Music COL Price VAL $ 1.29 COL CopyRight VAL ‰ ãÑ 2014 Universal Island a division of Limited COL VAL COL Released VAL 15-Apr-14  	COL Song_Name VAL Moving Mountains feat . Brendan Reilly COL Artist_Name VAL Disclosure COL Album_Name VAL Caracal ( Deluxe ) COL Genre VAL Electronica , & Electronic COL Price VAL $ 1.29 COL CopyRight VAL 2015 Island a division of Universal Music Limited COL VAL 5:36 COL Released VAL September 25  	0
COL Song_Name VAL Jimmy ( feat . Ab-Soul ) COL Artist_Name VAL Macklemore Ryan COL Album_Name VAL Heist Deluxe Edition COL Genre VAL , Music Rap Alternative West Coast COL Price VAL $ 1.29 COL CopyRight VAL ‰ ãÑ 2012 COL VAL COL Released VAL 1-Aug-12  	COL Song_Name VAL Neon Cathedral ( feat . Allen Stone ) COL Artist_Name VAL Macklemore & Ryan Lewis COL Album_Name VAL Heist [ Clean ] COL Genre VAL Rap Hip-Hop COL Price VAL $ 1.29 COL CopyRight VAL 2014 Selena Garcia Steven Gomez COL VAL COL Released VAL , 2012  	0
COL Song_Name VAL Jack Daniels and Jesus COL Artist_Name VAL Chase Rice COL Album_Name VAL Ignite the COL Genre VAL Country , Music Cowboy Contemporary COL Price VAL $ 1.29 COL CopyRight VAL 2014 Dack Janiels Records COL VAL 3:55 COL Released VAL 19-Aug-14  	COL Song_Name VAL Jack Daniels and Jesus COL Artist_Name VAL Chase Rice COL Album_Name VAL Ignite the ( Edition ) Explicit COL Genre VAL COL Price VAL $ 0.89 COL CopyRight VAL 2014 Dack Janiels under exclusive license Music Entertainment . COL VAL 3:55 COL Released VAL August 19  	1
COL VAL feat . Sam Schulz Remix Radio Edit COL Artist_Name VAL COL Album_Name VAL Deluxe Version COL Genre VAL Music Rock House French Pop COL Price VAL $ 1.29 COL CopyRight VAL 2014 A under exclusive license to Parlophone/Warner Atlantic Recording Corporation for United rights reserved COL VAL COL VAL  	COL Song_Name VAL I Got ta Feeling ( Fmif Remix ) Edit COL Artist_Name VAL COL Album_Name VAL One Love Deluxe Version COL Genre VAL COL Price VAL $ 1.29 COL CopyRight VAL 2014 Swedish House Mafia Holdings Ltd under exclusive license Virgin COL VAL 3:54 COL Released VAL August 21 2009  	0
COL VAL of Dale ( Extended Version ) COL Artist_Name VAL Howard Shore COL Album_Name VAL : Desolation Smaug Original Motion Picture Edition COL Genre VAL Music Score COL Price VAL $ 1.29 COL CopyRight VAL ‰ ãÑ 2013 WaterTower COL VAL 4:15 COL VAL 10-Dec-13  	COL Song_Name VAL Path of Destruction COL Artist_Name VAL James Newton Howard COL Album_Name VAL Maleficent ( Original Motion Picture Soundtrack ) COL Genre VAL Soundtracks COL Price VAL $ 1.29 COL CopyRight VAL C 2014 Disney Enterprises , Inc. COL Time VAL 1:48 COL Released VAL May 27  	0
COL Song_Name VAL Second COL Artist_Name VAL Disclosure COL Album_Name VAL Settle ( Deluxe Version ) COL Genre VAL Electronic , Music COL Price VAL $ 1.29 COL CopyRight VAL ‰ ãÑ 2014 Universal Island Records a division of Operations Limited COL VAL 2:27 COL Released VAL 15-Apr-14  	COL Song_Name VAL Second Chance COL Artist_Name VAL Disclosure COL Album_Name VAL Settle COL Genre VAL Electronica , Dance & Electronic COL Price VAL $ 1.29 COL CopyRight VAL ( C ) 2013 Universal Island Records a division of Music Operations Limited COL Time VAL 2:27 COL Released VAL June 11  	1
COL VAL feat Bruno Mars COL Artist_Name VAL Snoop COL Album_Name VAL and Devin Music from Inspired By Movie Deluxe Version COL VAL Soundtrack,Music,Hip-Hop Rap Coast Gangsta COL Price VAL $ 1.99 COL CopyRight VAL 2011 Corporation for WEA world outside of COL VAL 4:12 COL VAL  	COL Song_Name VAL No On ( Album Version Explicit ) feat . Bootsy COL Artist_Name VAL Snoop Dogg COL Album_Name VAL R&G Rhythm & Gangsta : The Masterpiece COL Genre VAL Hardcore , Rap COL Price VAL $ COL CopyRight VAL 2004 Geffen COL VAL 4:41 COL Released VAL 16  	0
COL Song_Name VAL I Ca n't Go There ( Acoustic Version ) COL Artist_Name VAL Kenny Chesney COL Album_Name VAL No Shoes , Shirt Problems COL Genre VAL Music Contemporary Cowboy COL Price VAL $ COL CopyRight VAL 2002 BMG COL VAL 3:45 COL Released VAL 2-Apr-02  	COL Song_Name VAL I Ca n't Go There ( Acoustic Version ) COL Artist_Name VAL Kenny Chesney COL Album_Name VAL No Shoes , Shirt Problems COL Genre VAL Country COL Price VAL $ 0.99 COL CopyRight VAL Underground Avenue COL VAL 3:45 COL Released VAL April 2 2002  	1
COL Song_Name VAL This Love ( Be Your Downfall ) COL Artist_Name VAL Ellie Goulding COL Album_Name VAL Lights Deluxe Version COL Genre VAL Pop , Music Rock COL Price VAL $ 1.29 COL CopyRight VAL ‰ ãÑ 2010 Polydor UK COL VAL COL Released VAL 29-Nov-10  	COL Song_Name VAL This Love ( Will Be Your Downfall ) COL Artist_Name VAL Ellie Goulding COL Album_Name VAL Lights COL Genre VAL Pop COL Price VAL $ 1.29 COL CopyRight VAL C 2011 Polydor Ltd. UK COL Time VAL 3:53 COL Released VAL March 8 ,  	1
COL Song_Name VAL Now COL Artist_Name VAL Drake COL Album_Name VAL Later COL Genre VAL , Music Hardcore Rap Rock R&B / Soul Contemporary COL Price VAL $ 1.29 COL CopyRight VAL 2010 Young Money Entertainment/Cash Motown COL VAL COL Released VAL 16-Jun-10  	COL Song_Name VAL Show Me A Good ( Explicit ) COL Artist_Name VAL Drake COL Album_Name VAL Later Version [ COL Genre VAL Rap & Hip-Hop COL Price VAL $ 1.29 COL CopyRight VAL C 2010 Young Money Entertainment/Cash Records COL VAL 3:30 COL Released VAL June 15 ,  	0
COL Song_Name VAL Cowboy Boots COL Artist_Name VAL Macklemore & Ryan Lewis COL Album_Name VAL Heist COL Genre VAL Hip-Hop , / Rap West Coast Alternative COL Price VAL $ 1.29 COL CopyRight VAL 2012 LLC . COL Time VAL 4:15 COL Released VAL  	COL Song_Name VAL Cowboy Boots COL Artist_Name VAL Macklemore & Ryan Lewis COL Album_Name VAL Heist [ Explicit ] COL Genre VAL Rap Hip-Hop COL Price VAL $ 1.29 COL CopyRight VAL 2014 Selena Garcia Steven Gomez COL Time VAL 4:17 COL Released VAL 9 , 2012  	1
COL Song_Name VAL Old Blue Chair COL Artist_Name VAL Kenny Chesney COL Album_Name VAL When the Sun Goes Down COL Genre VAL Country , Music Contemporary Cowboy COL Price VAL $ 1.29 COL CopyRight VAL 2004 Sony Entertainment COL Time VAL 3:23 COL Released VAL 1-Jan-90  	COL Song_Name VAL Old Blue Chair COL Artist_Name VAL Kenny Chesney COL Album_Name VAL When The Sun Goes Down ( Deluxe Version ) COL Genre VAL Country COL Price VAL $ 1.29 COL CopyRight VAL 2012 Pinecastle Records COL Time VAL 3:25 COL Released VAL February 2 , 2004  	1
COL VAL feat . Chevy J COL Artist_Name VAL Wiz Khalifa COL Album_Name VAL O.N.I.F.C. COL Genre VAL Music Rap East Coast COL Price VAL $ 1.29 COL CopyRight VAL 2012 Atlantic Corporation for United and WEA world outside of COL VAL COL VAL  	COL VAL feat . Ron Explicit COL Artist_Name VAL Wiz Khalifa COL Album_Name VAL O.N.I.F.C. COL Genre VAL Rap COL Price VAL $ 1.29 COL CopyRight VAL 2012 Atlantic Corporation for United and WEA world outside of COL VAL 3:48 COL VAL December 4  	0
COL VAL You feat . Weeknd COL Artist_Name VAL Wiz COL Album_Name VAL O.N.I.F.C. Deluxe Version COL VAL Music Rap East Coast COL Price VAL $ 1.99 COL CopyRight VAL 2012 Corporation for and WEA world outside of COL VAL 5:20 COL VAL  	COL VAL Bluffin ( feat . ) Explicit COL Artist_Name VAL Wiz Khalifa COL Album_Name VAL O.N.I.F.C. COL Genre VAL Rap COL Price VAL $ 1.29 COL CopyRight VAL 2012 Atlantic Corporation for United and WEA world outside of COL VAL COL VAL December 4  	0
COL Song_Name VAL I 'm a Machine ( feat . and Tyrese Gibson ) COL Artist_Name VAL COL Album_Name VAL Nothing But the COL Genre VAL Music Rock House COL Price VAL $ 1.29 COL CopyRight VAL 2011 A Ltd Licence exclusive Parlophone COL VAL 3:34 COL Released VAL  	COL Song_Name VAL Repeat ( Feat . Jessie J ) COL Artist_Name VAL David COL Album_Name VAL Nothing But [ Clean ] COL Genre VAL Dance & Electronic COL Price VAL $ 1.29 COL CopyRight VAL 2009 Andy Henningsen COL Time VAL 3:26 COL Released VAL August 26 , 2011  	0
COL VAL Toyfriend feat . Wynter Gordon Continuous Mix Version COL Artist_Name VAL COL Album_Name VAL One Love Deluxe COL Genre VAL Music COL Price VAL $ 1.29 COL CopyRight VAL 2010 Gum Prod licence exclusive Parlophone COL VAL 2:51 COL VAL 21-Aug-09  	COL Song_Name VAL Bloody War ( Album Version Edited ) feat . BG Clean COL Artist_Name VAL Banner COL Album_Name VAL Certified COL Genre VAL Rap & COL Price VAL $ COL CopyRight VAL 2014 Island , a division of UMG Recordings Inc. COL VAL 4:27 COL Released VAL September 20 2005  	0
COL VAL Toyfriend feat . Wynter Gordon Continuous Mix Version COL Artist_Name VAL COL Album_Name VAL One Love Deluxe COL Genre VAL Music COL Price VAL $ 1.29 COL CopyRight VAL 2010 Gum Prod licence exclusive Parlophone COL VAL 2:51 COL VAL 21-Aug-09  	COL VAL Gettin ' You ( Feat . Lmfao ) COL Artist_Name VAL COL Album_Name VAL One Love Deluxe Version COL Genre VAL COL Price VAL $ 1.29 COL CopyRight VAL 2014 Swedish House Mafia Holdings Ltd under exclusive license Virgin COL VAL 3:07 COL Released VAL August 21 2009  	0
COL Song_Name VAL ' the COL Artist_Name VAL Florida Georgia Line COL Album_Name VAL Anything Goes COL Genre VAL , Music Honky Tonk Cowboy Contemporary COL Price VAL $ 1.29 COL CopyRight VAL ‰ ãÑ 2014 Machine Label Group COL VAL 3:42 COL Released VAL 14-Oct-14  	COL Song_Name VAL Bumpin ' COL Artist_Name VAL Florida Georgia Line COL Album_Name VAL Anything Goes COL Genre VAL Country COL Price VAL $ 1.29 COL CopyRight VAL ( C ) 2014 Republic Records , a Division of UMG Recordings Inc. Nashville COL VAL 3:41 COL Released VAL 14  	1
COL Song_Name VAL ( Live From Hammersmith Palais ) COL Artist_Name VAL Fall Out COL Album_Name VAL Infinity On High Deluxe Edition COL Genre VAL Alternative , Music Rock Adult Punk COL Price VAL $ COL CopyRight VAL 2007 The Island Def Group COL VAL 3:32 COL Released VAL 20-Nov-07  	COL Song_Name VAL ( Live From Hammersmith Palais ) COL Artist_Name VAL Fall Out COL Album_Name VAL Infinity On High - Deluxe Bonus EP COL Genre VAL Alternative Rock COL Price VAL $ COL CopyRight VAL C 2007 The Island Def Music Group COL VAL 3:32 COL Released VAL November 20 ,  	1
COL VAL My Songs You In ( Light Em Up ) COL Artist_Name VAL Fall Out COL Album_Name VAL Now That I Call Music Vol . 46 COL Genre VAL Pop COL Price VAL Album Only COL CopyRight VAL ‰ ãÑ 2013 UMG Recordings and Entertainment COL VAL COL Released VAL 7-May-13  	COL Song_Name VAL My Songs Know You In ( Light Em Up ) 2 Chainz Remix COL Artist_Name VAL Fall Out Boy COL Album_Name VAL COL Genre VAL Alternative Rock COL Price VAL $ 1.29 COL CopyRight VAL 2013 Island Def Music Group COL VAL 3:30 COL Released VAL August 13 ,  	0
COL VAL Is Love COL Artist_Name VAL P!NK COL Album_Name VAL Ca n't Take COL Genre VAL Pop Music R&B / Soul Pop/Rock Teen Contemporary COL Price VAL $ COL CopyRight VAL 1999 2000 LaFace COL VAL 3:38 COL Released VAL 5-May-97  	COL Song_Name VAL Is Love COL Artist_Name VAL P!nk COL Album_Name VAL Ca n't Take Me Home COL Genre VAL Pop COL Price VAL $ 0.99 COL CopyRight VAL ( C ) 2008 Concord Music Group , Inc. COL VAL 3:38 COL Released VAL May 17 1999  	1
COL Song_Name VAL Remark COL Artist_Name VAL Rachel Platten COL Album_Name VAL Be Here COL Genre VAL Pop , Music Singer/Songwriter Contemporary Rock Adult Alternative COL Price VAL $ 0.99 COL CopyRight VAL 2011 Great Unknown LLC COL Time VAL 2:57 COL Released VAL 26-Apr-11  	COL Song_Name VAL Remark COL Artist_Name VAL Rachel Platten COL Album_Name VAL Be Here COL Genre VAL Pop COL Price VAL $ 0.99 COL CopyRight VAL 2014 Great Unknown , LLC COL Time VAL 2:57 COL Released VAL April 26 2011  	1
COL VAL Dirty Vibe Ricky Remix ) COL Artist_Name VAL Skrillex COL Album_Name VAL Remixes EP COL Genre VAL Music COL Price VAL $ 1.29 COL CopyRight VAL 2014 OWSLA/Big for United and WEA world outside of . COL VAL 3:42 COL VAL 15-Dec-14  	COL Song_Name VAL Scary Monsters And ( Noisa Remix ) COL Artist_Name VAL Skrillex COL Album_Name VAL EP Explicit COL Genre VAL Electronica , Dubstep COL Price VAL $ 1.29 COL CopyRight VAL c 2013 Digitop Ltd COL VAL 3:24 COL Released VAL December 21 2010  	0
COL VAL of Sam ( Bonus Track ) COL Artist_Name VAL Shinedown COL Album_Name VAL Sound Madness Deluxe Version COL Genre VAL Rock Music Alternative Hard COL Price VAL Album Only COL CopyRight VAL 2008 Atlantic for United and WEA world outside COL VAL 3:37 COL Released VAL 23-Jun-08  	COL Song_Name VAL Her Name Is Alice ( Bonus Track ) COL Artist_Name VAL Shinedown COL Album_Name VAL Sound Of Madness [ Explicit ] Deluxe COL Genre VAL Rock COL Price VAL $ 1.29 COL CopyRight VAL 2005 Z Records COL Time VAL 3:38 COL Released VAL June 24 , 2008  	0
COL Song_Name VAL Songs Like This COL Artist_Name VAL Carrie Underwood COL Album_Name VAL Play On COL Genre VAL , Music Pop Adult Contemporary Rock COL Price VAL $ 1.29 COL CopyRight VAL ‰ ãÑ 2009 19 Recordings Limited under exclusive license Arista Nashville COL VAL COL Released VAL 3-Nov-09  	COL Song_Name VAL This Time COL Artist_Name VAL Carrie Underwood COL Album_Name VAL Play On COL Genre VAL Country COL Price VAL $ 1.29 COL CopyRight VAL ( P ) 2009 19 Recordings Limited , under exclusive license to Arista Nashville COL VAL 3:52 COL Released VAL November 3  	0
COL Song_Name VAL VHS Outro ( Interlude ) COL Artist_Name VAL X COL Album_Name VAL COL Genre VAL Alternative , Music Rock Adult COL Price VAL $ 1.29 COL CopyRight VAL 2015 KIDinaKORNER/Interscope Records COL VAL 1:25 COL Released VAL 30-Jun-15  	COL Song_Name VAL Smoke ( Interlude ) [ Explicit ] COL Artist_Name VAL X Ambassadors COL Album_Name VAL VHS COL Genre VAL Alternative Rock COL Price VAL $ 1.29 COL CopyRight VAL C 2015 KIDinaKORNER/Interscope Records COL Time VAL 0:24 COL Released VAL June 30 ,  	0
COL Song_Name VAL Help Lose My Mind ( feat . Grammar ) COL Artist_Name VAL Disclosure COL Album_Name VAL Settle Deluxe Version COL Genre VAL Electronic , Music COL Price VAL $ 1.29 COL CopyRight VAL ‰ ãÑ 2014 Universal Island a division of Limited COL VAL COL Released VAL 15-Apr-14  	COL Song_Name VAL You & feat . Eliza Doolittle COL Artist_Name VAL Disclosure COL Album_Name VAL Settle COL Genre VAL Electronica , Electronic COL Price VAL $ 1.29 COL CopyRight VAL ( C ) 2013 Universal Island Records a division of Music Limited COL VAL 4:27 COL Released VAL 11  	0
COL Song_Name VAL If I a Stranger ( Live In Amsterdam ) COL Artist_Name VAL Ryan Adams COL Album_Name VAL After Deaf Complete Collection COL Genre VAL Singer/Songwriter Music Rock COL Price VAL $ COL CopyRight VAL 2012 PAXAM RECORDS COL VAL 5:10 COL Released VAL 2-Jul-12  	COL Song_Name VAL Firecracker ( Live in Amsterdam ) COL Artist_Name VAL Ryan Adams COL Album_Name VAL After Deaf COL Genre VAL Folk , Rock COL Price VAL $ 0.99 COL CopyRight VAL 2012 PAXAM RECORDS COL Time VAL 3:17 COL Released VAL July 2  	0
COL Song_Name VAL COL Artist_Name VAL David COL Album_Name VAL Nothing But the - Electronic Album COL Genre VAL Dance , Music House Rock COL Price VAL $ 0.99 COL CopyRight VAL 2011 A Ltd Licence exclusive Parlophone France COL VAL 5:13 COL Released VAL 26-Aug-11  	COL Song_Name VAL Glasgow COL Artist_Name VAL David Guetta COL Album_Name VAL Nothing But The Beat - Electronic Album COL Genre VAL Dance & COL Price VAL $ 0.99 COL CopyRight VAL 2009 Andy Henningsen COL Time VAL 5:13 COL Released VAL August 26 , 2011  	1
COL VAL You feat . Weeknd COL Artist_Name VAL Wiz COL Album_Name VAL O.N.I.F.C. Deluxe Version COL VAL Music East Coast Rap COL Price VAL $ 1.99 COL CopyRight VAL 2012 Corporation for and WEA world outside of COL VAL 5:20 COL VAL  	COL VAL Let feat . Akon ) Explicit COL Artist_Name VAL Wiz Khalifa COL Album_Name VAL O.N.I.F.C. COL Genre VAL Rap COL Price VAL $ 1.29 COL CopyRight VAL 2012 Atlantic Corporation for United and WEA world outside of COL VAL COL VAL December 4  	0
COL VAL Toyfriend feat . Wynter Gordon Continuous Mix Version COL Artist_Name VAL COL Album_Name VAL One Love Deluxe COL Genre VAL Music COL Price VAL $ 1.29 COL CopyRight VAL 2010 Gum Prod licence exclusive Parlophone COL VAL 2:51 COL VAL 21-Aug-09  	COL VAL ( Feat . Ne-Yo Kelly Rowland ; Continuous Mix Version ) COL Artist_Name VAL COL Album_Name VAL One Love Deluxe COL Genre VAL COL Price VAL $ 1.29 COL CopyRight VAL 2014 Swedish House Mafia Holdings Ltd under exclusive license Virgin COL VAL 3:16 COL Released VAL August 21 2009  	0
COL VAL Bun ( Risk Remix ) COL Artist_Name VAL Skrillex Damian `` Jr. . Gong '' COL Album_Name VAL After Remixes COL Genre VAL Music COL Price VAL $ 1.29 COL CopyRight VAL 2012 and for United WEA world outside COL VAL 3:58 COL Released VAL  	COL Song_Name VAL Take ÌÏ There ( feat . Kiesza ) Cartal Remix COL Artist_Name VAL Skrillex Diplo COL Album_Name VAL Remixes COL Genre VAL Electronic COL Price VAL $ 1.29 COL CopyRight VAL 2010 Robbins Entertainment COL VAL 4:22 COL Released VAL December 23 , 2014  	0
COL Song_Name VAL You Belong With Me ( Instrumental Background Vocals ) COL Artist_Name VAL Taylor Swift COL Album_Name VAL Karaoke : Fearless Instrumentals COL Genre VAL , Music COL Price VAL $ COL CopyRight VAL ‰ ãÑ 2009 Machine Records COL VAL 3:57 COL Released VAL 7-Apr-09  	COL Song_Name VAL How You Get The Girl ( Karaoke Version ) COL Artist_Name VAL Taylor Swift COL Album_Name VAL : 1989 COL Genre VAL Pop COL Price VAL $ 1.29 COL CopyRight VAL C 2014 Big Machine Records , LLC COL Time VAL 4:05 COL Released VAL March 3 2015  	0
COL Song_Name VAL Stars Come Out ( Tim Remix ) COL Artist_Name VAL Zedd COL Album_Name VAL Remixes EP COL Genre VAL Dance , Music Electronic House COL Price VAL $ 1.29 COL CopyRight VAL 2012 Dim Mak Inc. COL VAL 5:49 COL Released VAL 20-May-14  	COL Song_Name VAL Stars Come Out ( Dillon Francis Remix ) COL Artist_Name VAL Zedd COL Album_Name VAL [ ] COL Genre VAL Dance & Electronic COL Price VAL $ 1.29 COL CopyRight VAL 2012 Dim Mak Inc. COL Time VAL 4:08 COL Released VAL May 20 , 2014  	1
COL Song_Name VAL Right ( feat . Rick Ross ) COL Artist_Name VAL COL Album_Name VAL Mail On Sunday COL Genre VAL , Music Pop Dirty South COL Price VAL $ 1.29 COL CopyRight VAL 2008 Atlantic Corporation for United and WEA International world outside of COL VAL 3:16 COL Released VAL  	COL Song_Name VAL ( feat . Timbaland ) COL Artist_Name VAL Rida COL Album_Name VAL Mail On Sunday Clean COL Genre VAL Rap & Hip-Hop , Southern Pop COL Price VAL $ 1.29 COL CopyRight VAL 2013 Records Inc. COL VAL COL Released VAL March 18 2008  	0
COL VAL You feat . Weeknd COL Artist_Name VAL Wiz COL Album_Name VAL O.N.I.F.C. Deluxe Version COL VAL Music East Coast Rap COL Price VAL $ 1.99 COL CopyRight VAL 2012 Corporation for and WEA world outside of COL VAL 5:20 COL VAL  	COL VAL Bluffin ( feat . ) Explicit COL Artist_Name VAL Wiz Khalifa COL Album_Name VAL O.N.I.F.C. COL Genre VAL Rap COL Price VAL $ 1.29 COL CopyRight VAL 2012 Atlantic Corporation for United and WEA world outside of COL VAL COL VAL December 4  	0
COL Song_Name VAL I Almost Do COL Artist_Name VAL Taylor Swift COL Album_Name VAL Red COL Genre VAL Country , Music Rock Contemporary Honky Tonk Pop Teen COL Price VAL $ 1.29 COL CopyRight VAL ‰ ãÑ 2012 Machine Records . COL VAL COL Released VAL 22-Oct-12  	COL Song_Name VAL I Almost Do COL Artist_Name VAL Taylor Swift COL Album_Name VAL Red COL Genre VAL Country COL Price VAL $ 1.29 COL CopyRight VAL ( C ) 2012 Big Machine Records , LLC . COL Time VAL 4:02 COL Released VAL October 30  	1
COL Song_Name VAL Whateva ( feat . Monty ) COL Artist_Name VAL Fetty Wap COL Album_Name VAL Deluxe COL Genre VAL Hip-Hop/Rap , Music Rap COL Price VAL Album Only COL CopyRight VAL 2015 300 Entertainment/RGF Productions COL Time VAL 5:11 COL Released VAL  	COL Song_Name VAL My Way ( feat . Monty ) Explicit COL Artist_Name VAL Wap COL Album_Name VAL Deluxe COL Genre VAL Rap COL Price VAL $ 1.29 COL CopyRight VAL 2000 Mute a BMG under exclusive license to INgrooves COL VAL 3:33 COL Released VAL September 25 2015  	0
COL Song_Name VAL Nature of Evil COL Artist_Name VAL Howard Shore COL Album_Name VAL : Desolation Smaug ( Original Motion Picture ) Edition COL Genre VAL Music Score COL Price VAL $ 1.29 COL CopyRight VAL ‰ ãÑ 2013 WaterTower COL VAL COL Released VAL 10-Dec-13  	COL VAL Bard a Man of Extended Version COL Artist_Name VAL Howard Shore COL Album_Name VAL Desolation Smaug Motion Picture Edition COL Genre VAL COL Price VAL $ 1.29 COL CopyRight VAL 2013 WaterTower Music / . Entertainment Goldwyn Mayer COL VAL 3:18 COL VAL December 10  	0
COL Song_Name VAL A Team ( Live ) COL Artist_Name VAL Ed Sheeran COL Album_Name VAL iTunes Festival : London 2012 - EP COL Genre VAL Singer/Songwriter , Music COL Price VAL $ 1.99 COL CopyRight VAL Warner UK LImited COL Time VAL COL Released VAL 3-Sep-12  	COL Song_Name VAL A Team COL Artist_Name VAL Ed Sheeran COL Album_Name VAL ( EP ) COL Genre VAL Pop COL Price VAL $ 1.29 COL CopyRight VAL Sam Hunt & David Kilgour / Bandit King Records COL Time VAL 4:18 COL Released VAL December 6 , 2011  	0
COL Song_Name VAL Because of Your Love COL Artist_Name VAL Kenny Chesney COL Album_Name VAL Greatest Hits COL Genre VAL Country , Music Contemporary Urban Cowboy COL Price VAL $ 0.99 COL CopyRight VAL 2000 BMG Entertainment COL Time VAL 4:16 COL Released VAL 26-Sep-00  	COL Song_Name VAL Fall in Love ( Remix ) COL Artist_Name VAL Kenny Chesney COL Album_Name VAL Greatest Hits COL Genre VAL Country COL Price VAL $ 0.99 COL CopyRight VAL C 2014 La industria Inc COL Time VAL 2:37 COL Released VAL September 26 , 2000  	0
COL Song_Name VAL ( Live From Hammersmith Palais ) COL Artist_Name VAL Fall Out COL Album_Name VAL Infinity On High Deluxe Edition COL Genre VAL Alternative , Music Rock Adult Punk COL Price VAL $ COL CopyRight VAL 2007 The Island Def Group COL VAL 3:32 COL Released VAL 20-Nov-07  	COL VAL This Ai n't A Scene Arms Race ( Live From Hammersmith ) COL Artist_Name VAL Fall Out COL Album_Name VAL Infinity Deluxe Bonus EP COL Genre VAL Alternative Rock COL Price VAL $ 1.29 COL CopyRight VAL 2007 The Island Def Music Group COL VAL 3:23 COL Released VAL 20  	0
COL VAL feat . Sam Schulz Remix Radio Edit COL Artist_Name VAL COL Album_Name VAL Deluxe Version COL Genre VAL Music Rock House French Pop COL Price VAL $ 1.29 COL CopyRight VAL 2014 A under exclusive license to Parlophone/Warner Atlantic Recording Corporation for United rights reserved COL VAL COL VAL  	COL Song_Name VAL Lovers on the Sun ( feat . Sam Martin ) COL Artist_Name VAL David COL Album_Name VAL Listen Deluxe COL Genre VAL Dance & Electronic COL Price VAL $ 1.29 COL CopyRight VAL 2015 If Moving Your COL Time VAL 3:23 COL Released VAL November 24 , 2014  	0
COL VAL You feat . Weeknd COL Artist_Name VAL Wiz COL Album_Name VAL O.N.I.F.C. Deluxe Version COL VAL Music Rap East Coast COL Price VAL $ 1.99 COL CopyRight VAL 2012 Corporation for and WEA world outside of COL VAL 5:20 COL VAL  	COL VAL You Your Friends feat . Snoop Ty $ ign Explicit COL Artist_Name VAL Wiz Khalifa COL Album_Name VAL Blacc Hollywood Deluxe COL Genre VAL Rap COL Price VAL 1.29 COL CopyRight VAL 2014 Atlantic Corporation for United and WEA world outside of A Music Group COL VAL COL VAL August 19  	0
COL VAL feat . Sam Schulz Remix Radio Edit COL Artist_Name VAL COL Album_Name VAL Deluxe Version COL Genre VAL Music Rock House French Pop COL Price VAL $ 1.29 COL CopyRight VAL 2014 A under exclusive license to Parlophone/Warner Atlantic Recording Corporation for United rights reserved COL VAL COL VAL  	COL Song_Name VAL Fast Life ( Album Version Explicit ) feat . AX COL Artist_Name VAL David Banner COL Album_Name VAL Mississippi-The COL Genre VAL Pop COL Price VAL $ COL CopyRight VAL C 2003 Universal Records , a of UMG Recordings Inc. COL VAL 4:52 COL Released VAL May 20  	0
COL VAL Do n't Need **** feat Devin COL VAL Snoop COL VAL Doggumentary COL VAL Music Rock Gangsta Rap Coast COL Price VAL $ 1.29 COL CopyRight VAL ãÑ 2011 rights reserved Unauthorized reproduction a violation applicable laws by 1750 North Street Hollywood 90028 COL VAL 3:59 COL VAL  	COL Song_Name VAL Platinum ( Feat . Kelly ) [ Edited COL Artist_Name VAL Snoop Dogg COL Album_Name VAL Doggumentary COL Genre VAL Rap & Hip-Hop , West Coast COL Price VAL $ 1.29 COL CopyRight VAL C 2011 Capitol Records COL VAL 4:29 COL Released VAL 29  	0
COL VAL from Live Acoustic WXDX Pittsburgh COL Artist_Name VAL Shinedown COL Album_Name VAL Leave a Version COL VAL Rock Music Hard Alternative COL Price VAL $ 1.29 COL CopyRight VAL 2009 Corporation for States and WEA world outside of COL VAL 3:59 COL VAL 27-May-03  	COL Song_Name VAL Fly From The Inside COL Artist_Name VAL Shinedown COL Album_Name VAL Leave A Whisper COL Genre VAL Rock COL Price VAL $ 1.29 COL CopyRight VAL 2015 Mad Decent COL Time VAL 3:55 COL Released VAL May 27 , 2003  	0
COL Song_Name VAL Who That Chick ? ( feat . ) [ Single Version ] COL Artist_Name VAL David & COL Album_Name VAL - EP COL Genre VAL House , Music Dance Rock Electronic COL Price VAL $ COL CopyRight VAL 2010 Gum Prod licence exclusive Parlophone France COL VAL COL Released VAL  	COL Song_Name VAL Play Hard ( feat . Ne-Yo & Akon ) Albert Remix COL Artist_Name VAL COL Album_Name VAL Remixes COL Genre VAL Electronic COL Price VAL $ 1.29 COL CopyRight VAL 2013 A Music Ltd , Licence exclusive Parlophone COL VAL 6:52 COL Released VAL 22  	0
COL VAL Take There feat Missy Elliott Remix Bonus COL VAL Skrillex Diplo COL VAL and Jack COL VAL Dance,Music,Hip-Hop Rap Bop Rock COL Price VAL $ 1.29 COL CopyRight VAL 2015 Corporation for US world outside A Music Group COL VAL 3:30 COL VAL 24-Feb-15  	COL Song_Name VAL Take ÌÏ There ( feat . Kiesza ) COL Artist_Name VAL Skrillex Diplo COL Album_Name VAL and present Jack Explicit COL Genre VAL COL Price VAL $ 1.29 COL CopyRight VAL 2012 Knight Skreams COL VAL 3:30 COL Released VAL February 24 2015  	1
COL VAL Pressure feat Traci COL Artist_Name VAL Snoop COL VAL Doggumentary COL VAL Music Rock Gangsta Rap Coast COL Price VAL $ 1.29 COL CopyRight VAL ãÑ 2011 rights reserved Unauthorized reproduction a violation of applicable laws by 1750 North Street Hollywood 90028 COL VAL 4:07 COL VAL  	COL Song_Name VAL Boom ( Feat . T-Pain ) Edited COL Artist_Name VAL Snoop Dogg COL Album_Name VAL Doggumentary COL Genre VAL Rap & Hip-Hop , West Coast COL Price VAL $ 1.29 COL CopyRight VAL C 2011 Capitol Records COL VAL 3:50 COL Released VAL 29  	0
COL VAL Second Live Acoustic from Kansas City COL Artist_Name VAL Shinedown COL Album_Name VAL Somewhere In COL Genre VAL Rock Music Alternative Hard COL Price VAL $ 1.29 COL CopyRight VAL 2011 Atlantic Corporation for United and WEA world outside of . COL VAL 5:06 COL VAL 18-Apr-11  	COL Song_Name VAL Miracle ( Live Room ) COL Artist_Name VAL Shinedown COL Album_Name VAL Sound EP COL Genre VAL Rock COL Price VAL $ 1.29 COL CopyRight VAL 2013 Atlantic Corporation for the United and WEA International world outside of COL VAL 3:35 COL Released VAL May 28 ,  	0
COL Song_Name VAL Happily COL Artist_Name VAL Direction COL Album_Name VAL Midnight Memories ( Deluxe Edition ) COL Genre VAL Pop , Music Rock Teen Pop/Rock Dance COL Price VAL $ 1.29 COL CopyRight VAL ‰ ãÑ 2013 Limited under exclusive license Sony Entertainment UK COL VAL 2:55 COL Released VAL  	COL Song_Name VAL Happily COL Artist_Name VAL One Direction COL Album_Name VAL Midnight Memories COL Genre VAL Pop COL Price VAL $ 1.29 COL CopyRight VAL ( C ) 2014 Disney Enterprises , Inc. COL Time VAL 2:55 COL Released VAL November 25 2013  	1
COL Song_Name VAL Whateva ( feat . Monty ) COL Artist_Name VAL Fetty Wap COL Album_Name VAL Deluxe COL Genre VAL Hip-Hop/Rap , Music Rap COL Price VAL Album Only COL CopyRight VAL 2015 300 Entertainment/RGF Productions COL Time VAL 5:11 COL Released VAL  	COL Song_Name VAL Rewind ( feat . Monty ) Explicit COL Artist_Name VAL Wap COL Album_Name VAL COL Genre VAL Rap COL Price VAL $ 1.29 COL CopyRight VAL 2000 Mute a BMG under exclusive license to INgrooves COL VAL 5:36 COL Released VAL September 25 2015  	0
COL VAL True Colors feat . Nicki Minaj COL Artist_Name VAL Wiz COL Album_Name VAL Blacc Hollywood COL Genre VAL Music Rap East Coast Rock COL Price VAL $ 1.29 COL CopyRight VAL 2014 Corporation for United and WEA world outside of A Group COL VAL 4:15 COL VAL  	COL VAL True Colors feat . Nicki Minaj Explicit COL Artist_Name VAL Wiz COL Album_Name VAL Blacc Hollywood COL Genre VAL Rap COL Price VAL $ 1.29 COL CopyRight VAL 2014 Corporation for United and WEA world outside of A Music Group COL VAL 4:15 COL VAL August 19  	1
COL Song_Name VAL Talkin ' 2 Myself ( feat . ) COL Artist_Name VAL Eminem COL Album_Name VAL Recovery Deluxe Edition COL Genre VAL , Music Rock Rap COL Price VAL $ 1.29 COL CopyRight VAL ‰ ãÑ 2010 Aftermath COL VAL 5:00 COL Released VAL 21-Jun-10  	COL Song_Name VAL No Love feat . Lil Explicit COL Artist_Name VAL Eminem COL Album_Name VAL Recovery ( Amazon Version ) + video digital booklet COL Genre VAL Gangsta & Hardcore , Rap COL Price VAL $ 1.29 COL CopyRight VAL 2010 Aftermath COL VAL 4:59 COL Released VAL 21  	0
COL VAL Toyfriend feat . Wynter Gordon Continuous Mix Version COL Artist_Name VAL COL Album_Name VAL One Love Deluxe COL Genre VAL Music COL Price VAL $ 1.29 COL CopyRight VAL 2010 Gum Prod licence exclusive Parlophone COL VAL 2:51 COL VAL 21-Aug-09  	COL Song_Name VAL Fly ( Explicit ) feat . Jazze Pha COL Artist_Name VAL Banner COL Album_Name VAL Story Ever Version COL Genre VAL Rap COL Price VAL $ COL CopyRight VAL 2012 Universal Republic , a division of UMG Recordings Inc. COL VAL 3:10 COL Released VAL July 15 2008  	0
COL VAL You feat . Weeknd COL Artist_Name VAL Wiz COL Album_Name VAL O.N.I.F.C. Deluxe Version COL VAL Music East Coast Rap COL Price VAL $ 1.99 COL CopyRight VAL 2012 Corporation for and WEA world outside of COL VAL 5:20 COL VAL  	COL VAL Bluffin ( feat . ) Explicit COL Artist_Name VAL Wiz Khalifa COL Album_Name VAL O.N.I.F.C. COL Genre VAL Rap COL Price VAL $ 1.29 COL CopyRight VAL 2012 Atlantic Corporation for United and WEA world outside of COL VAL COL VAL December 4  	0
COL Song_Name VAL Thrift ( feat . Wanz ) COL Artist_Name VAL Ryan COL Album_Name VAL Heist Deluxe Edition COL Genre VAL , Music Rap Alternative West Coast COL Price VAL $ 1.29 COL CopyRight VAL ‰ ãÑ 2012 COL VAL 3:55 COL Released VAL 1-Aug-12  	COL Song_Name VAL Thrift Shop ( feat . Wanz ) Explicit COL Artist_Name VAL & Ryan COL Album_Name VAL The Heist Deluxe Edition COL Genre VAL Rap Hip-Hop COL Price VAL $ 1.29 COL CopyRight VAL 2014 Garcia Steven Gomez COL VAL 3:55 COL Released VAL , 2012  	1
COL Song_Name VAL Stars Come Out ( Tim Remix ) COL Artist_Name VAL Zedd COL Album_Name VAL Remixes EP COL Genre VAL Dance , Music Electronic House COL Price VAL $ 1.29 COL CopyRight VAL 2012 Dim Mak Inc. COL VAL 5:49 COL Released VAL 20-May-14  	COL Song_Name VAL Beautiful Now ( Marshmello Remix ) [ feat . Bellion ] COL Artist_Name VAL Zedd COL Album_Name VAL Remixes COL Genre VAL Dance & Electronic COL Price VAL $ 1.29 COL CopyRight VAL C 2015 Records COL VAL 3:16 COL Released VAL July 10 ,  	0
COL Song_Name VAL Cowboy Boots COL Artist_Name VAL Macklemore & Ryan Lewis COL Album_Name VAL Heist COL Genre VAL Hip-Hop/Rap , Music Rap West Coast Alternative Rock COL Price VAL $ 1.29 COL CopyRight VAL 2012 LLC . COL Time VAL 4:17 COL Released VAL  	COL Song_Name VAL Cowboy Boots COL Artist_Name VAL Macklemore & Ryan Lewis COL Album_Name VAL Heist [ Explicit ] COL Genre VAL Rap Hip-Hop COL Price VAL $ 1.29 COL CopyRight VAL 2014 Selena Garcia Steven Gomez COL Time VAL 4:17 COL Released VAL 9 , 2012  	1
COL Song_Name VAL Obsession ( feat . JD Davis & B ) COL Artist_Name VAL COL Album_Name VAL Pop Life Extended Version Bonus COL Genre VAL , Music Rock House Electronic Electronica Adult Alternative COL Price VAL Album Only COL CopyRight VAL ‰ ãÑ 2007 Gum COL VAL COL Released VAL 18-Sep-07  	COL Song_Name VAL ( Feat . Kid Cudi ) COL Artist_Name VAL COL Album_Name VAL One Love Deluxe Version COL Genre VAL & Electronic COL Price VAL $ 1.29 COL CopyRight VAL 2014 Swedish House Mafia Holdings Ltd under exclusive license Virgin COL VAL 3:30 COL Released VAL August 21 , 2009  	0
COL Song_Name VAL VHS Outro ( Interlude ) COL Artist_Name VAL X COL Album_Name VAL COL Genre VAL Alternative , Music Rock Adult COL Price VAL $ 1.29 COL CopyRight VAL 2015 KIDinaKORNER/Interscope Records COL VAL 1:25 COL Released VAL 30-Jun-15  	COL Song_Name VAL Smoke ( Interlude ) [ Explicit ] COL Artist_Name VAL X Ambassadors COL Album_Name VAL VHS COL Genre VAL Alternative Rock COL Price VAL $ 1.29 COL CopyRight VAL C 2015 KIDinaKORNER/Interscope Records COL Time VAL 0:24 COL Released VAL June 30 ,  	0
COL Song_Name VAL Up ( feat . Elephant Man Opal ) COL Artist_Name VAL Major Lazer COL Album_Name VAL the Extended Version COL Genre VAL Music Rock Reggae Dancehall COL Price VAL $ 1.29 COL CopyRight VAL ‰ ãÑ 2013 Canadian / Mad Decent COL VAL 4:27 COL Released VAL  	COL Song_Name VAL Jah No Partial ( feat . Flux Pavilion ) COL Artist_Name VAL Major Lazer COL Album_Name VAL Free the COL Genre VAL Dance & Electronic COL Price VAL $ 1.29 COL CopyRight VAL 2013 Secretly Canadian / Mad Decent COL VAL 4:12 COL Released VAL April 16 ,  	0
COL Song_Name VAL Like Me COL Artist_Name VAL Kenny Chesney COL Album_Name VAL and the Radio COL Genre VAL Country , Music Honky Tonk Cowboy Contemporary COL Price VAL $ 0.99 COL CopyRight VAL 2005 BMG COL Time VAL 5:11 COL Released VAL 6-Nov-05  	COL Song_Name VAL Tequila Loves Me COL Artist_Name VAL Kenny Chesney COL Album_Name VAL The Road And Radio COL Genre VAL Country COL Price VAL $ 0.99 COL CopyRight VAL Toolroom Productions COL Time VAL 4:06 COL Released VAL November 7 , 2005  	0
COL VAL Toyfriend feat . Wynter Gordon Continuous Mix Version COL Artist_Name VAL COL Album_Name VAL One Love Deluxe COL Genre VAL Music COL Price VAL $ 1.29 COL CopyRight VAL 2010 Gum Prod licence exclusive Parlophone COL VAL 2:51 COL VAL 21-Aug-09  	COL Song_Name VAL Bang my Head ( feat . Sia ) COL Artist_Name VAL David Guetta COL Album_Name VAL Listen Deluxe COL Genre VAL Dance & Electronic COL Price VAL $ 1.29 COL CopyRight VAL 2015 If Moving Your COL Time VAL 3:53 COL Released VAL November 24 , 2014  	0
COL VAL Whisperer ( feat . Sia ) COL Artist_Name VAL COL Album_Name VAL COL Genre VAL Music House Rock French Pop COL Price VAL $ 1.29 COL CopyRight VAL 2014 A under exclusive license to Parlophone/Warner Atlantic Recording Corporation for United rights reserved COL VAL 3:54 COL VAL  	COL Song_Name VAL The Whisperer ( feat . Sia ) COL Artist_Name VAL David Guetta COL Album_Name VAL Listen Deluxe COL Genre VAL Dance & Electronic COL Price VAL $ 1.29 COL CopyRight VAL 2015 If Moving Your COL Time VAL 3:54 COL Released VAL November 24 , 2014  	1
COL VAL Toyfriend feat . Wynter Gordon Continuous Mix Version COL Artist_Name VAL COL Album_Name VAL One Love Deluxe COL Genre VAL Music COL Price VAL $ 1.29 COL CopyRight VAL 2010 Gum Prod licence exclusive Parlophone COL VAL 2:51 COL VAL 21-Aug-09  	COL Song_Name VAL ( Album Version Edited ) feat . Grout Clean COL Artist_Name VAL Banner COL Album_Name VAL Certified COL Genre VAL Rap & COL Price VAL $ COL CopyRight VAL 2014 Island , a division of UMG Recordings Inc. COL VAL 3:45 COL Released VAL September 20 2005  	0
COL Song_Name VAL VHS Outro ( Interlude ) COL Artist_Name VAL X COL Album_Name VAL COL Genre VAL Alternative , Music Rock Adult COL Price VAL $ 1.29 COL CopyRight VAL 2015 KIDinaKORNER/Interscope Records COL VAL 1:25 COL Released VAL 30-Jun-15  	COL Song_Name VAL VHS Outro ( Interlude ) [ Explicit ] COL Artist_Name VAL X COL Album_Name VAL COL Genre VAL Alternative Rock COL Price VAL $ 1.29 COL CopyRight VAL C 2015 KIDinaKORNER/Interscope Records COL Time VAL 1:25 COL Released VAL June 30 ,  	1
COL VAL Toyfriend feat . Wynter Gordon Continuous Mix Version COL Artist_Name VAL COL Album_Name VAL One Love Deluxe COL Genre VAL Music COL Price VAL $ 1.29 COL CopyRight VAL 2010 Gum Prod licence exclusive Parlophone COL VAL 2:51 COL VAL 21-Aug-09  	COL Song_Name VAL Sexy Bitch ( Feat . Akon ; Explicit ) COL Artist_Name VAL COL Album_Name VAL One Love Deluxe Version COL Genre VAL COL Price VAL $ 1.29 COL CopyRight VAL 2014 Swedish House Mafia Holdings Ltd under exclusive license Virgin COL VAL 3:15 COL Released VAL August 21 2009  	0
COL VAL Toyfriend feat . Wynter Gordon Continuous Mix Version COL Artist_Name VAL COL Album_Name VAL One Love Deluxe COL Genre VAL Music COL Price VAL $ 1.29 COL CopyRight VAL 2010 Gum Prod licence exclusive Parlophone COL VAL 2:51 COL VAL 21-Aug-09  	COL Song_Name VAL No Money no Love ( feat . Elliphant & Ms. Dynamite ) COL Artist_Name VAL David COL Album_Name VAL Deluxe COL Genre VAL Electronic COL Price VAL $ 1.29 COL CopyRight VAL 2015 If Moving Your COL VAL 3:57 COL Released VAL November 24 , 2014  	0
COL Song_Name VAL I 'm a Machine ( feat . and Tyrese Gibson ) COL Artist_Name VAL COL Album_Name VAL Nothing But the COL Genre VAL Music Rock House COL Price VAL $ 1.29 COL CopyRight VAL 2011 A Ltd Licence exclusive Parlophone COL VAL 3:34 COL Released VAL  	COL Song_Name VAL Without You ( feat . Usher ) COL Artist_Name VAL David COL Album_Name VAL Nothing But the 2.0 [ Explicit ] COL Genre VAL Dance & Electronic COL Price VAL $ COL CopyRight VAL 2015 Real Sounds COL VAL 3:28 COL Released VAL August 26 , 2011  	0
COL Song_Name VAL ( feat . Ellie Goulding ) [ Oliver Remix ] COL Artist_Name VAL Calvin Harris COL Album_Name VAL Remixes - Single COL Genre VAL Dance , Music COL Price VAL $ 1.29 COL CopyRight VAL 2015 Sony Entertainment UK Limited COL Time VAL 4:55 COL Released VAL  	COL Song_Name VAL Deep Is Your Love ( Disciples Unorthodox Remix ) COL Artist_Name VAL Calvin Harris COL Album_Name VAL Remixes COL Genre VAL Electronic COL Price VAL $ 1.29 COL CopyRight VAL 2015 Island , a division of Universal Music Limited COL VAL 6:04 COL Released VAL August 7  	0
COL Song_Name VAL Anna Sun ( Live ) COL Artist_Name VAL THE MOON COL Album_Name VAL iTunes Festival : London 2012 - EP COL Genre VAL Alternative , Music COL Price VAL $ 1.29 COL CopyRight VAL RCA Records a division of Sony Entertainment COL Time VAL 6:11 COL Released VAL  	COL Song_Name VAL Burning House ( Live ) COL Artist_Name VAL Walk the Moon COL Album_Name VAL Tightrope EP COL Genre VAL Alternative Rock COL Price VAL $ 1.29 COL CopyRight VAL C 2012 Weeknd XO , Inc. COL VAL 3:51 COL Released VAL January 18 2013  	0
COL VAL My Love ( feat . Ariana Grande Machel ) Remix COL Artist_Name VAL Major Lazer COL Album_Name VAL Is COL Genre VAL Music Reggae Dancehall COL Price VAL $ 1.29 COL CopyRight VAL 2015 Mad Decent COL VAL 3:49 COL Released VAL 1-Jun-15  	COL Song_Name VAL Be Together ( feat . Wild Belle ) COL Artist_Name VAL Major Lazer COL Album_Name VAL Peace Is Mission [ Explicit ] COL Genre VAL Dance & Electronic COL Price VAL $ 1.29 COL CopyRight VAL 2015 Mad Decent COL VAL 3:53 COL Released VAL June 1 ,  	0
COL VAL You feat . Weeknd COL Artist_Name VAL Wiz COL Album_Name VAL O.N.I.F.C. Deluxe Version COL VAL Music East Coast Rap COL Price VAL $ 1.99 COL CopyRight VAL 2012 Corporation for and WEA world outside of COL VAL 5:20 COL VAL  	COL VAL Let feat . Akon ) Explicit COL Artist_Name VAL Wiz Khalifa COL Album_Name VAL O.N.I.F.C. COL Genre VAL Rap COL Price VAL $ 1.29 COL CopyRight VAL 2012 Atlantic Corporation for United and WEA world outside of COL VAL COL VAL December 4  	0
COL Song_Name VAL I 'm a Machine ( feat . and Tyrese Gibson ) COL Artist_Name VAL COL Album_Name VAL Nothing But the COL Genre VAL Music House Rock COL Price VAL $ 1.29 COL CopyRight VAL 2011 A Ltd Licence exclusive Parlophone COL VAL 3:34 COL Released VAL  	COL Song_Name VAL Nothing Really Matters ( feat . will.i.am ) [ Explicit COL Artist_Name VAL David COL Album_Name VAL But the 2.0 COL Genre VAL Dance & Electronic COL Price VAL $ COL CopyRight VAL 2015 Real Sounds COL VAL 3:39 COL Released VAL August 26 , 2011  	0
COL VAL You feat . Weeknd COL Artist_Name VAL Wiz COL Album_Name VAL O.N.I.F.C. Deluxe Version COL VAL Music Rap East Coast COL Price VAL $ 1.99 COL CopyRight VAL 2012 Corporation for and WEA world outside of COL VAL 5:20 COL VAL  	COL VAL We Boyz Remix feat . Rick Nas Explicit COL Artist_Name VAL Wiz COL Album_Name VAL Hollywood Deluxe COL Genre VAL Rap COL Price VAL $ 1.29 COL CopyRight VAL 2014 Corporation for United and WEA world outside of A Music Group COL VAL 5:19 COL VAL August 19  	0
COL VAL Let COL Artist_Name VAL Ryan Adams COL Album_Name VAL COL Genre VAL Rock Music Singer/Songwriter Contemporary Adult Alternative Americana COL Price VAL $ 1.29 COL CopyRight VAL 2014 PaxAmericana Under Exclusive License To Blue Note . COL VAL 3:43 COL Released VAL 9-Sep-14  	COL Song_Name VAL Let Us Worship Him COL Artist_Name VAL Yolanda Adams COL Album_Name VAL The Best Of COL Genre VAL Gospel , Christian COL Price VAL $ 0.99 COL CopyRight VAL ( C ) 2004 Universal International Music BV COL Time VAL 3:37 COL Released VAL January 1 1990  	0
COL Song_Name VAL Jack Daniels and Jesus COL Artist_Name VAL Chase Rice COL Album_Name VAL Ignite the COL Genre VAL Country , Music Cowboy Contemporary COL Price VAL $ 1.29 COL CopyRight VAL 2014 Dack Janiels Records COL VAL 3:55 COL Released VAL 19-Aug-14  	COL Song_Name VAL Jack Daniels and Jesus COL Artist_Name VAL Chase Rice COL Album_Name VAL Ignite the COL Genre VAL COL Price VAL $ 1.29 COL CopyRight VAL ( ) 2014 Dack Janiels , under exclusive license Sony Music Entertainment . COL VAL 3:55 COL Released VAL August 19  	1
COL VAL feat . Sam Schulz Remix Radio Edit COL Artist_Name VAL COL Album_Name VAL Deluxe Version COL Genre VAL Music Rock House French Pop COL Price VAL $ 1.29 COL CopyRight VAL 2014 A under exclusive license to Parlophone/Warner Atlantic Recording Corporation for United rights reserved COL VAL COL VAL  	COL Song_Name VAL When Love Over ( Feat . Kelly Rowland ; Electro Extended Continuous Mix Version ) COL Artist_Name VAL COL Album_Name VAL One Deluxe COL Genre VAL COL Price VAL $ 1.29 COL CopyRight VAL 2014 Swedish House Mafia Holdings Ltd under exclusive license Virgin COL VAL COL Released VAL August 21 2009  	0
COL Song_Name VAL ( Royksopp 's 30 Pieces Remix ) COL Artist_Name VAL Lady Gaga COL Album_Name VAL Born This Way COL Genre VAL Pop , Music Dance COL Price VAL Album Only COL CopyRight VAL 2011 Records COL Time VAL 9:18 COL Released VAL 21-Nov-11  	COL Song_Name VAL Electric Chapel ( Two Door Cinema Club Remix ) COL Artist_Name VAL Lady Gaga COL Album_Name VAL Born This Way - The COL Genre VAL Pop COL Price VAL $ 1.29 COL CopyRight VAL C 2011 Interscope Records COL Time VAL 3:59 COL Released VAL November 21 ,  	0
COL VAL In God Hands feat . ) COL Artist_Name VAL Nelly Furtado COL Album_Name VAL Best of Deluxe Version COL Genre VAL Pop Music Rock Vocal Adult Alternative Singer/Songwriter Contemporary COL Price VAL $ COL CopyRight VAL ‰ ãÑ 2010 Geffen COL VAL 4:34 COL VAL 16-Nov-10  	COL Song_Name VAL Te Busque ( Full Spanish Version ) [ feat . COL Artist_Name VAL Nelly Furtado COL Album_Name VAL Loose US version COL Genre VAL Pop COL Price VAL $ 1.29 COL CopyRight VAL C 2006 Geffen Records COL VAL 3:38 COL Released VAL 20 ,  	0
COL VAL Toyfriend feat . Wynter Gordon Continuous Mix Version COL Artist_Name VAL COL Album_Name VAL One Love Deluxe COL Genre VAL Music COL Price VAL $ 1.29 COL CopyRight VAL 2010 Gum Prod licence exclusive Parlophone COL VAL 2:51 COL VAL 21-Aug-09  	COL Song_Name VAL Phone Tap ( Album Version Explicit ) COL Artist_Name VAL David Banner COL Album_Name VAL Mississippi-The COL Genre VAL Pop COL Price VAL $ 0.69 COL CopyRight VAL C 2003 Universal Records , a of UMG Recordings Inc. COL VAL 1:52 COL Released VAL May 20  	0
COL VAL Are Justin Ember Island Remix COL Artist_Name VAL Skrillex Diplo COL Album_Name VAL Remixes EP COL Genre VAL Music COL Price VAL $ 1.29 COL CopyRight VAL 2015 / Mad Decent Atlantic Corporation for United and WEA world outside of . A Group COL VAL 2:31 COL VAL  	COL VAL My Mind feat . Niki and Dove GTA Remix COL Artist_Name VAL Skrillex COL Album_Name VAL v Bomb Remixes COL Genre VAL COL Price VAL $ 1.29 COL CopyRight VAL 2014 OWSLA/Big for United WEA world outside of COL VAL 4:41 COL VAL 24  	0
COL VAL Toyfriend feat . Wynter Gordon Continuous Mix Version COL Artist_Name VAL COL Album_Name VAL One Love Deluxe COL Genre VAL Music COL Price VAL $ 1.29 COL CopyRight VAL 2010 Gum Prod licence exclusive Parlophone COL VAL 2:51 COL VAL 21-Aug-09  	COL Song_Name VAL Trill ( Album Version Explicit ) [ ] COL Artist_Name VAL David Banner COL Album_Name VAL Mississippi-The COL Genre VAL Pop COL Price VAL $ COL CopyRight VAL C 2003 Universal Records , a of UMG Recordings Inc. COL VAL 3:15 COL Released VAL May 20  	0
COL VAL en _ feat . Luigi 21 Yelsid Remix COL Artist_Name VAL Nicky Jam COL Album_Name VAL COL Genre VAL Latin Music COL Price VAL $ COL CopyRight VAL 2014 La Licencia a Codiscos S.A.S. COL VAL 4:46 COL VAL 9-Sep-14  	COL Song_Name VAL Voy a Beber ( Remix ) COL Artist_Name VAL Nicky COL Album_Name VAL Greatest Hits , Vol . 1 COL Genre VAL Latin Music COL Price VAL $ 0.99 COL CopyRight VAL C 2014 La industria Inc COL VAL 3:44 COL Released VAL November 4  	0
COL Song_Name VAL If I a Stranger ( Live In Amsterdam ) COL Artist_Name VAL Ryan Adams COL Album_Name VAL After Deaf Complete Collection COL Genre VAL Singer/Songwriter Music Rock COL Price VAL $ COL CopyRight VAL 2012 PAXAM RECORDS COL VAL 5:10 COL Released VAL 2-Jul-12  	COL Song_Name VAL Dirty Rain ( Live in Cork ) COL Artist_Name VAL Ryan Adams COL Album_Name VAL After Deaf Collection COL Genre VAL Folk , Rock COL Price VAL $ 0.99 COL CopyRight VAL 2012 PAXAM RECORDS COL Time VAL 4:24 COL Released VAL July 2  	0
COL Song_Name VAL Whateva ( feat . Monty ) COL Artist_Name VAL Fetty Wap COL Album_Name VAL Deluxe COL Genre VAL Hip-Hop/Rap , Music Rap COL Price VAL Album Only COL CopyRight VAL 2015 300 Entertainment/RGF Productions COL Time VAL 5:11 COL Released VAL  	COL VAL We Do Things ( feat . Monty ) Clean COL Artist_Name VAL Wap COL Album_Name VAL Deluxe COL Genre VAL Rap COL Price VAL $ 1.29 COL CopyRight VAL 2000 Mute a BMG under exclusive license to INgrooves COL VAL 3:31 COL Released VAL September 25 2015  	0
COL Song_Name VAL Knows ( feat . Rick Ross ) COL Artist_Name VAL Drake COL Album_Name VAL Take Deluxe Version COL Genre VAL , Music COL Price VAL $ 1.29 COL CopyRight VAL ‰ ãÑ 2011 Cash Money Records Inc. COL VAL 5:07 COL Released VAL 15-Nov-11  	COL Song_Name VAL Light Up ( Explicit ) feat . JAY-Z COL Artist_Name VAL Drake COL Album_Name VAL Later Version COL Genre VAL Rap & Hip-Hop COL Price VAL $ 1.29 COL CopyRight VAL 2010 Young Money Entertainment/Cash COL VAL 4:34 COL Released VAL June 15 ,  	0
COL VAL Second Live Acoustic from Kansas City COL Artist_Name VAL Shinedown COL Album_Name VAL Somewhere In COL Genre VAL Rock Music Alternative Hard COL Price VAL $ 1.29 COL CopyRight VAL 2011 Atlantic Corporation for United and WEA world outside of . COL VAL 5:06 COL VAL 18-Apr-11  	COL Song_Name VAL ( Live Room ) COL Artist_Name VAL Shinedown COL Album_Name VAL Warner Sound EP COL Genre VAL Rock COL Price VAL $ 1.29 COL CopyRight VAL 2013 Atlantic Corporation for the United and WEA International Inc. world outside of COL Time VAL COL Released VAL May 28 ,  	0
COL Song_Name VAL Goodbye You ( feat . Dot ) COL Artist_Name VAL Ed Sheeran COL Album_Name VAL 5 COL Genre VAL Pop Music Rock Singer/Songwriter Contemporary Adult Alternative COL Price VAL $ 1.29 COL CopyRight VAL 2014 LImited COL VAL 5:30 COL Released VAL 23-Jun-14  	COL Song_Name VAL Goodbye To You ( + Dot Rotten ) COL Artist_Name VAL Ed Sheeran COL Album_Name VAL 5 COL Genre VAL Pop COL Price VAL $ 1.29 COL CopyRight VAL Dub Police Records COL Time VAL 5:30 COL Released VAL June 23 , 2014  	1
COL VAL You feat . Weeknd COL Artist_Name VAL Wiz COL Album_Name VAL O.N.I.F.C. Deluxe Version COL VAL Music Rap East Coast COL Price VAL $ 1.99 COL CopyRight VAL 2012 Corporation for and WEA world outside of COL VAL 5:20 COL VAL  	COL VAL Let feat . Akon ) Explicit COL Artist_Name VAL Wiz Khalifa COL Album_Name VAL O.N.I.F.C. COL Genre VAL Rap COL Price VAL $ 1.29 COL CopyRight VAL 2012 Atlantic Corporation for United and WEA world outside of COL VAL COL VAL December 4  	0
COL Song_Name VAL Legend Of Zelda ( Remix ) COL Artist_Name VAL Zedd COL Album_Name VAL - Single COL Genre VAL Dance , Music COL Price VAL $ 0.99 COL CopyRight VAL 2011 a division of zooland GmbH COL VAL 6:09 COL Released VAL 27-May-11  	COL Song_Name VAL Legend Of Zelda ( Remix ) COL Artist_Name VAL Zedd COL Album_Name VAL COL Genre VAL Electronica , Dance & Electronic COL Price VAL $ 0.89 COL CopyRight VAL 2011 a division of zooland Music GmbH COL VAL 6:09 COL Released VAL May 27  	1
COL VAL Take There feat Missy Elliott Remix Bonus COL VAL Skrillex Diplo COL VAL and Jack COL VAL Dance,Music,Hip-Hop Rap Bop Rock COL Price VAL $ 1.29 COL CopyRight VAL 2015 Corporation for US world outside A Music Group COL VAL 3:30 COL VAL 24-Feb-15  	COL Song_Name VAL To ÌÏ ( feat . ) COL Artist_Name VAL Skrillex , Diplo COL Album_Name VAL and present Jack Explicit COL Genre VAL Dance & Electronic COL Price VAL $ 1.29 COL CopyRight VAL 2012 Knight Skreams COL VAL 3:57 COL Released VAL February 24 2015  	0
COL Song_Name VAL Who That Chick ? ( feat . ) Instrumental COL Artist_Name VAL David COL Album_Name VAL EP COL Genre VAL Rock , Music House Electronic COL Price VAL $ COL CopyRight VAL 2010 Gum Prod licence exclusive Parlophone COL VAL 3:18 COL Released VAL 7-Jan-11  	COL VAL Play Hard feat . Ne-Yo Akon Maurizio Gubellini Delayers In House Remix COL Artist_Name VAL COL Album_Name VAL Remixes COL Genre VAL COL Price VAL $ 1.29 COL CopyRight VAL 2013 A Music Ltd Licence exclusive Parlophone COL VAL 5:00 COL VAL 22  	0
COL Song_Name VAL Great COL Artist_Name VAL Direction COL Album_Name VAL Midnight Memories ( Deluxe Edition ) COL Genre VAL Pop , Music Rock Teen Pop/Rock Dance COL Price VAL $ 1.29 COL CopyRight VAL ‰ ãÑ 2013 Limited under exclusive license Sony Entertainment UK COL VAL 3:56 COL Released VAL  	COL Song_Name VAL Something Great COL Artist_Name VAL One Direction COL Album_Name VAL Midnight Memories ( Deluxe ) COL Genre VAL Pop COL Price VAL $ 1.29 COL CopyRight VAL C 2014 Disney Enterprises , Inc. COL Time VAL 3:56 COL Released VAL November 25 2013  	1
COL Song_Name VAL Because of Your Love COL Artist_Name VAL Kenny Chesney COL Album_Name VAL Greatest Hits COL Genre VAL Country , Music Contemporary Urban Cowboy COL Price VAL $ 0.99 COL CopyRight VAL 2000 BMG Entertainment COL Time VAL 4:16 COL Released VAL 26-Sep-00  	COL Song_Name VAL Ruby , Do n't Take Your Love To Town COL Artist_Name VAL Kenny COL Album_Name VAL 49 All Greatest COL Genre VAL Country Cowboy COL Price VAL $ 0.89 COL CopyRight VAL ( c ) 2008 Goldenlane Records COL VAL 2:55 COL Released VAL August 1  	0
